14:57:47 **** Incremental Build of configuration Debug for project LED_Blink_F103RB ****
make -j16 all 
arm-none-eabi-gcc "../Core/Src/main.c" -mcpu=cortex-m3 -std=gnu11 -g3 -DDEBUG -DUSE_HAL_DRIVER -DSTM32F103xB -c -I../Core/Inc -I../Drivers/STM32F1xx_HAL_Driver/Inc -I../Drivers/STM32F1xx_HAL_Driver/Inc/Legacy -I../Drivers/CMSIS/Device/ST/STM32F1xx/Include -I../Drivers/CMSIS/Include -O0 -ffunction-sections -fdata-sections -Wall -fstack-usage -MMD -MP -MF"Core/Src/main.d" -MT"Core/Src/main.o" --specs=nano.specs -mfloat-abi=soft -mthumb -o "Core/Src/main.o"
arm-none-eabi-gcc -o "LED_Blink_F103RB.elf" @"objects.list"   -mcpu=cortex-m3 -T"D:\STM32CubeIDE\workspace\LED_Blink_F103RB\STM32F103RBTX_FLASH.ld" --specs=nosys.specs -Wl,-Map="LED_Blink_F103RB.map" -Wl,--gc-sections -static --specs=nano.specs -mfloat-abi=soft -mthumb -Wl,--start-group -lc -lm -Wl,--end-group
Finished building target: LED_Blink_F103RB.elf
 
arm-none-eabi-objdump -h -S  LED_Blink_F103RB.elf  > "LED_Blink_F103RB.list"
arm-none-eabi-objcopy  -O binary  LED_Blink_F103RB.elf  "LED_Blink_F103RB.bin"
arm-none-eabi-size   LED_Blink_F103RB.elf 
   text	   data	    bss	    dec	    hex	filename
   5676	     20	   1636	   7332	   1ca4	LED_Blink_F103RB.elf
Finished building: default.size.stdout
 
Finished building: LED_Blink_F103RB.list
Finished building: LED_Blink_F103RB.bin
 
 

14:57:47 Build Finished. 0 errors, 0 warnings. (took 788ms)

