16:35:27 **** Incremental Build of configuration Debug for project TIM_TimeBase ****
make -j16 all 
arm-none-eabi-gcc "../Core/Src/main.c" -mcpu=cortex-m3 -std=gnu11 -g3 -DDEBUG -DUSE_HAL_DRIVER -DSTM32F103xB -c -I../Core/Inc -I../Drivers/STM32F1xx_HAL_Driver/Inc -I../Drivers/STM32F1xx_HAL_Driver/Inc/Legacy -I../Drivers/CMSIS/Device/ST/STM32F1xx/Include -I../Drivers/CMSIS/Include -O0 -ffunction-sections -fdata-sections -Wall -fstack-usage -MMD -MP -MF"Core/Src/main.d" -MT"Core/Src/main.o" --specs=nano.specs -mfloat-abi=soft -mthumb -o "Core/Src/main.o"
arm-none-eabi-gcc -o "TIM_TimeBase.elf" @"objects.list"   -mcpu=cortex-m3 -T"D:\STM32CubeIDE\workspace\TIM_TimeBase\STM32F103RBTX_FLASH.ld" --specs=nosys.specs -Wl,-Map="TIM_TimeBase.map" -Wl,--gc-sections -static --specs=nano.specs -mfloat-abi=soft -mthumb -Wl,--start-group -lc -lm -Wl,--end-group
Finished building target: TIM_TimeBase.elf
 
arm-none-eabi-objdump -h -S  TIM_TimeBase.elf  > "TIM_TimeBase.list"
arm-none-eabi-objcopy  -O binary  TIM_TimeBase.elf  "TIM_TimeBase.bin"
arm-none-eabi-size   TIM_TimeBase.elf 
   text	   data	    bss	    dec	    hex	filename
   7952	     20	   1716	   9688	   25d8	TIM_TimeBase.elf
Finished building: default.size.stdout
 
Finished building: TIM_TimeBase.bin
Finished building: TIM_TimeBase.list
 
 

16:35:28 Build Finished. 0 errors, 0 warnings. (took 839ms)

