16:46:46 **** Incremental Build of configuration Debug for project USART_printf_F103RB ****
make -j16 all 
arm-none-eabi-gcc "../Core/Src/main.c" -mcpu=cortex-m3 -std=gnu11 -g3 -DDEBUG -DUSE_HAL_DRIVER -DSTM32F103xB -c -I../Core/Inc -I../Drivers/STM32F1xx_HAL_Driver/Inc -I../Drivers/STM32F1xx_HAL_Driver/Inc/Legacy -I../Drivers/CMSIS/Device/ST/STM32F1xx/Include -I../Drivers/CMSIS/Include -O0 -ffunction-sections -fdata-sections -Wall -fstack-usage -MMD -MP -MF"Core/Src/main.d" -MT"Core/Src/main.o" --specs=nano.specs -mfloat-abi=soft -mthumb -o "Core/Src/main.o"
../Core/Src/main.c: In function '__io_putchar':
../Core/Src/main.c:67:2: warning: this 'if' clause does not guard... [-Wmisleading-indentation]
   67 |  if(ch == '\n')
      |  ^~
../Core/Src/main.c:69:3: note: ...this statement, but the latter is misleadingly indented as if it were guarded by the 'if'
   69 |   HAL_UART_Transmit(&huart2, (uint8_t*) &ch, 1, 0xFFFF);
      |   ^~~~~~~~~~~~~~~~~
arm-none-eabi-gcc -o "USART_printf_F103RB.elf" @"objects.list"   -mcpu=cortex-m3 -T"D:\STM32CubeIDE\workspace\USART_printf_F103RB\STM32F103RBTX_FLASH.ld" --specs=nosys.specs -Wl,-Map="USART_printf_F103RB.map" -Wl,--gc-sections -static --specs=nano.specs -mfloat-abi=soft -mthumb -Wl,--start-group -lc -lm -Wl,--end-group
Finished building target: USART_printf_F103RB.elf
 
arm-none-eabi-objdump -h -S  USART_printf_F103RB.elf  > "USART_printf_F103RB.list"
arm-none-eabi-objcopy  -O binary  USART_printf_F103RB.elf  "USART_printf_F103RB.bin"
arm-none-eabi-size   USART_printf_F103RB.elf 
   text	   data	    bss	    dec	    hex	filename
  10416	    120	   1664	  12200	   2fa8	USART_printf_F103RB.elf
Finished building: default.size.stdout
 
Finished building: USART_printf_F103RB.bin
Finished building: USART_printf_F103RB.list
 
 

16:46:47 Build Finished. 0 errors, 1 warnings. (took 900ms)

