16:48:44 **** Incremental Build of configuration Debug for project WWDG ****
make -j16 all 
arm-none-eabi-gcc "../Core/Src/main.c" -mcpu=cortex-m3 -std=gnu11 -g3 -DDEBUG -DUSE_HAL_DRIVER -DSTM32F103xB -c -I../Core/Inc -I../Drivers/STM32F1xx_HAL_Driver/Inc -I../Drivers/STM32F1xx_HAL_Driver/Inc/Legacy -I../Drivers/CMSIS/Device/ST/STM32F1xx/Include -I../Drivers/CMSIS/Include -O0 -ffunction-sections -fdata-sections -Wall -fstack-usage -MMD -MP -MF"Core/Src/main.d" -MT"Core/Src/main.o" --specs=nano.specs -mfloat-abi=soft -mthumb -o "Core/Src/main.o"
arm-none-eabi-gcc -o "WWDG.elf" @"objects.list"   -mcpu=cortex-m3 -T"D:\STM32CubeIDE\workspace\WWDG\STM32F103RBTX_FLASH.ld" --specs=nosys.specs -Wl,-Map="WWDG.map" -Wl,--gc-sections -static --specs=nano.specs -mfloat-abi=soft -mthumb -Wl,--start-group -lc -lm -Wl,--end-group
Finished building target: WWDG.elf
 
arm-none-eabi-objdump -h -S  WWDG.elf  > "WWDG.list"
arm-none-eabi-objcopy  -O binary  WWDG.elf  "WWDG.bin"
arm-none-eabi-size   WWDG.elf 
   text	   data	    bss	    dec	    hex	filename
   5996	     20	   1660	   7676	   1dfc	WWDG.elf
Finished building: default.size.stdout
 
Finished building: WWDG.bin
Finished building: WWDG.list
 
 

16:48:45 Build Finished. 0 errors, 0 warnings. (took 842ms)

